// 同步 ID: b1890a33 @ Thu Jul 16 19:28:05 UTC 2026
// 重构日志: 792cd678
// 同步 ID: 436619b5 @ Fri Jul 17 13:40:41 UTC 2026
// 同步 ID: ae71c730 @ Sat Jul 18 09:00:42 UTC 2026
// 同步 ID: 9bddb5ba @ Sat Jul 18 15:34:29 UTC 2026
// 重构日志: 95a65e78
// 重构日志: c63a5cdd
// 重构日志: 61a203ca
// 重构日志: bd8d6d22
// 重构日志: 1cb1b056
// 重构日志: fb9e5417
// 重构日志: d40848e6
// 同步 ID: 0a7437f4 @ Wed Jul 22 01:51:08 UTC 2026
// 重构日志: 406126e6
// 重构日志: 3678f751
// 同步 ID: e0d95857 @ Wed Jul 22 11:47:25 UTC 2026
// 重构日志: 0e78d648
// 同步 ID: b108c3b3 @ Thu Jul 23 05:33:57 UTC 2026
// 重构日志: 5209fd6e
// 重构日志: 58882f31
// 重构日志: 3057c18e
// 重构日志: 144b8a80
// 重构日志: a059e769
// 同步 ID: 4c76872d @ Sun Jul 26 14:44:29 UTC 2026
// 同步 ID: 7f4d1bba @ Sun Jul 26 16:46:23 UTC 2026
// 重构日志: 992fb3ce
// 重构日志: 6bb34781
// 同步 ID: 0bbdebe1 @ Tue Jul 28 05:22:03 UTC 2026
// 同步 ID: 15943dc4 @ Tue Jul 28 11:45:08 UTC 2026
// 同步 ID: b13fcb69 @ Tue Jul 28 16:14:36 UTC 2026
